# MeshUptime voedingskalibratie 2026-08-19T18:28:57Z
# basislijn op USB+batterij: 4.139 V stabiel
# tijdstip  spanning  toestand
18:28:57  4.139
18:29:13  ---     NIET BEREIKBAAR
18:29:34  4.052
18:29:53  4.087
18:30:11  4.034
18:30:28  4.034
18:30:46  4.052
18:31:02  4.034
18:31:18  4.034
18:31:34  ---     NIET BEREIKBAAR
18:31:55  ---     NIET BEREIKBAAR
18:32:16  4.034
18:32:32  4.034
18:32:48  4.034
18:33:06  ---     NIET BEREIKBAAR
18:33:27  ---     NIET BEREIKBAAR
18:33:48  ---     NIET BEREIKBAAR
18:34:09  ---     NIET BEREIKBAAR
18:34:30  ---     NIET BEREIKBAAR
18:34:52  ---     NIET BEREIKBAAR
18:35:13  ---     NIET BEREIKBAAR
18:35:34  ---     NIET BEREIKBAAR
18:35:55  ---     NIET BEREIKBAAR
18:36:16  ---     NIET BEREIKBAAR
18:36:37  ---     NIET BEREIKBAAR
18:36:59  ---     NIET BEREIKBAAR
18:37:20  ---     NIET BEREIKBAAR
18:37:41  ---     NIET BEREIKBAAR
18:38:02  ---     NIET BEREIKBAAR
18:38:23  ---     NIET BEREIKBAAR
18:38:45  ---     NIET BEREIKBAAR
18:39:06  ---     NIET BEREIKBAAR
18:39:27  ---     NIET BEREIKBAAR
18:39:48  ---     NIET BEREIKBAAR
18:40:09  ---     NIET BEREIKBAAR
18:40:28  4.226
18:40:43  4.209
18:41:00  4.209
18:41:16  4.209
18:41:33  4.209
18:41:50  4.209
